src/features/auth/authApi.ts(3,33): error TS7006: Parameter 'email' implicitly has an 'any' type.
src/features/auth/authApi.ts(3,40): error TS7006: Parameter 'password' implicitly has an 'any' type.
src/main.tsx(6,12): error TS2345: Argument of type 'HTMLElement | null' is not assignable to parameter of type 'Container'.
  Type 'null' is not assignable to type 'Container'.
